// Jest Snapshot v1, https://goo.gl/fbAQLP

exports[`Booking date component should renders correctly 1`] = `
<div
  className="booking-date__outer"
>
  <div
    className="booking-date"
  >
    <p
      className="booking-date__label"
    >
      Dates
    </p>
    <div
      className="booking-date__wrapper"
    >
      <input
        className="booking-date__field"
        onClick={[Function]}
        placeholder="Check In"
        readOnly={true}
        value=""
      />
      <i
        className="booking-date__arrow"
      />
      <input
        className="booking-date__field"
        onClick={[Function]}
        placeholder="Check Out"
        readOnly={true}
        value=""
      />
    </div>
  </div>
</div>
`;
